13:57:01 **** Auto Build of configuration Debug for project project_2 ****
make all 
'Building file: ../src/ece544_IP_Test.c'
'Invoking: MicroBlaze gcc compiler'
mb-gcc -Wall -O0 -g3 -c -fmessage-length=0 -MT"src/ece544_IP_Test.o" -I../../standalone_bsp_0/microblaze_0/include -mlittle-endian -mcpu=v10.0 -mxl-soft-mul -Wl,--no-relax -ffunction-sections -fdata-sections -MMD -MP -MF"src/ece544_IP_Test.d" -MT"src/ece544_IP_Test.o" -o "src/ece544_IP_Test.o" "../src/ece544_IP_Test.c"
In file included from ../src/ece544_IP_Test.c:53:0:
../../standalone_bsp_0/microblaze_0/include/pmodOLEDrgb.h:57:0: warning: "bool" redefined
 #define bool u8
 
In file included from ../../standalone_bsp_0/microblaze_0/include/nexys4IO.h:29:0,
                 from ../src/ece544_IP_Test.c:52:
c:\xilinx\sdk\2017.3\gnu\microblaze\nt\lib\gcc\microblaze-xilinx-elf\6.2.0\include\stdbool.h:33:0: note: this is the location of the previous definition
 #define bool _Bool
 
'Finished building: ../src/ece544_IP_Test.c'
' '
'Building file: ../src/platform.c'
'Invoking: MicroBlaze gcc compiler'
mb-gcc -Wall -O0 -g3 -c -fmessage-length=0 -MT"src/platform.o" -I../../standalone_bsp_0/microblaze_0/include -mlittle-endian -mcpu=v10.0 -mxl-soft-mul -Wl,--no-relax -ffunction-sections -fdata-sections -MMD -MP -MF"src/platform.d" -MT"src/platform.o" -o "src/platform.o" "../src/platform.c"
'Finished building: ../src/platform.c'
' '
'Building target: project_2.elf'
'Invoking: MicroBlaze gcc linker'
mb-gcc -Wl,-T -Wl,../src/lscript.ld -L../../standalone_bsp_0/microblaze_0/lib -mlittle-endian -mcpu=v10.0 -mxl-soft-mul -Wl,--no-relax -Wl,--gc-sections -o "project_2.elf"  ./src/ece544_IP_Test.o ./src/platform.o   -Wl,--start-group,-lxil,-lgcc,-lc,--end-group
'Finished building target: project_2.elf'
' '
'Invoking: MicroBlaze Print Size'
mb-size project_2.elf  |tee "project_2.elf.size"
   text	   data	    bss	    dec	    hex	filename
  28128	    432	   2704	  31264	   7a20	project_2.elf
'Finished building: project_2.elf.size'
' '

13:57:04 Build Finished (took 2s.732ms)

